// Jest Snapshot v1, https://goo.gl/fbAQLP

exports[`Home page matches snapshot 1`] = `
<DocumentFragment>
  <div
    class="grid"
  >
    <div
      class="card"
    >
      <h3>
        Hello World â†’
      </h3>
      <p>
        This is the hello world content
      </p>
      <p>
        alice@prisma.io
      </p>
    </div>
  </div>
</DocumentFragment>
`;
